---
source: t-koma-knowledge/tests/codebase_embedding.rs
expression: "build_snapshot(question, results, 2)"
---
query: hybrid search with BM25 and embeddings
total_hits: 8
top_results:
  - rank: 1
    file: knowledge_system.md
    note_type: ReferenceDocs
    snippet: "You have access to a persistent knowledge base with hybrid search (BM25 +\nembeddings). Use it proactively.\n\n| Scope | Vi"
  - rank: 2
    file: search.rs
    note_type: ReferenceCode
    snippet: "pub(crate) async fn search_store(\n    settings: &KnowledgeSettings,\n    embedder: &EmbeddingClient,\n    pool: &SqlitePoo"
