---
source: t-koma-knowledge/tests/codebase_embedding.rs
expression: "build_snapshot(question, results, 2)"
---
query: core source files models search graph
total_hits: 8
top_results:
  - rank: 1
    file: knowledge_system.md
    note_type: ReferenceDocs
    snippet: "| Tool | When to use |\n|------|-------------|\n| `memory_search` | Find notes by keyword or concept across scopes |\n| `me"
  - rank: 2
    file: knowledge_system.md
    note_type: ReferenceDocs
    snippet: "1. **Start broad**: use `memory_search` with a conceptual query to find relevant\n   notes across all scopes.\n2. **Narrow"
