---
source: t-koma-knowledge/tests/codebase_embedding.rs
expression: snapshot
---
query: knowledge graph link resolution parent
total_hits: 8
top_results:
  - rank: 1
    file: knowledge_system.md
    has_parents: true
    tag_count: 0
    links_out: 0
    links_in: 0
    snippet: "[t-koma-knowledge source]\n\nNotes can reference any shared content by title using `[[Title]]` or\n`[[Title|alias]]` syntax"
  - rank: 2
    file: graph.rs
    has_parents: true
    tag_count: 0
    links_out: 0
    links_in: 0
    snippet: "[t-koma-knowledge source]\n\npub async fn expand_links_in(\n    pool: &SqlitePool,\n    root_id: &str,\n    depth: u8,\n    li"
