---
source: t-koma-knowledge/tests/codebase_embedding.rs
expression: snapshot
---
query: knowledge graph link resolution parent
total_hits: 8
top_results:
  - rank: 1
    file: knowledge_system.md
    has_parents: true
    tag_count: 0
    links_out: 0
    links_in: 0
    snippet: "Notes can reference any shared content by title using `[[Title]]` or\n`[[Title|alias]]` syntax. Links can target:\n\n- Othe"
  - rank: 2
    file: knowledge_system.md
    has_parents: true
    tag_count: 0
    links_out: 0
    links_in: 0
    snippet: "You have access to a persistent knowledge base with hybrid search (BM25 +\nembeddings). Use it proactively.\n\n| Scope | Vi"
