---
source: t-koma-knowledge/tests/codebase_embedding.rs
expression: "build_snapshot(question, results, 2)"
---
query: core source files models search graph
total_hits: 8
top_results:
  - rank: 1
    file: search.rs
    note_type: ReferenceCode
    snippet: "pub(crate) async fn search_store(\n    settings: &KnowledgeSettings,\n    embedder: &EmbeddingClient,\n    pool: &SqlitePoo"
  - rank: 2
    file: models.rs
    note_type: ReferenceCode
    snippet: "pub struct ReferenceSearchResult {\n    /// Full topic.md body — context for the LLM.\n    pub topic_body: String,\n    pub"
