---
source: t-koma-knowledge/tests/reference_topic_e2e.rs
expression: "serde_json::json!({\n    \"total_results\": results.len(), \"top_result\":\n    {\n        \"topic_id\": &results[0].topic_id, \"title\": &results[0].title,\n        \"status\": &results[0].status, \"is_stale\": results[0].is_stale, \"tags\":\n        &results[0].tags,\n    },\n})"
---
top_result:
  is_stale: false
  status: active
  tags:
    - dioxus
    - framework
    - rust
    - ui
  title: Dioxus - Rust UI Framework
  topic_id: 0416af04-abec-4776-b561-7eaa6b7e6b76
total_results: 1
