---
source: t-koma-knowledge/tests/reference_topic_e2e.rs
expression: "build_search_snapshot(question, &results, 3)"
---
query: state management use_signal reactive hooks
total_hits: 8
unique_files: 7
top_results:
  - rank: 1
    title: examples/06-routing/hash_fragment_state.rs
    note_type: ReferenceFile
    snippet_preview: "fn Home(url_hash: ReadSignal<State>) -> Element {\n    // The initial state of the state comes from the url hash\n    let mut state = use_signal(&*url_h"
  - rank: 2
    title: examples/04-managing-state/memo_chain.rs
    note_type: ReferenceFile
    snippet_preview: "fn app() -> Element {\n    let mut value = use_signal(|| 0);\n    let mut depth = use_signal(|| 0_usize);\n    let items = use_memo(move || (0..depth())."
  - rank: 3
    title: examples/04-managing-state/signals.rs
    note_type: ReferenceFile
    snippet_preview: "fn app() -> Element {\n    let mut running = use_signal(|| true);\n    let mut count = use_signal(|| 0);\n    let mut saved_values = use_signal(|| vec![0"
