---
source: t-koma-gateway/tests/client/tool_use.rs
expression: response
---
{
  "id": "[id]",
  "model": "moonshotai/kimi-k2.5",
  "content": [
    {
      "type": "text",
      "text": "  "
    },
    {
      "type": "tool_use",
      "id": "[tool_use_id]",
      "name": "replace",
      "input": {
        "file_path": "/tmp/test_file.txt",
        "new_string": "world",
        "old_string": "hello"
      }
    }
  ],
  "usage": {
    "input_tokens": 230,
    "output_tokens": 110
  },
  "stop_reason": "tool_calls"
}
