---
source: t-koma-gateway/tests/client/basic_queries.rs
expression: response
---
{
  "id": "[id]",
  "model": "moonshotai/kimi-k2.5",
  "content": [
    {
      "type": "text",
      "text": " Hello from the model!"
    }
  ],
  "usage": {
    "input_tokens": 20,
    "output_tokens": 43
  },
  "stop_reason": "stop"
}
