---
source: t-koma-gateway/tests/client/tool_use.rs
expression: response
---
{
  "id": "[id]",
  "model": "moonshotai/kimi-k2.5",
  "content": [
    {
      "type": "tool_use",
      "id": "[tool_use_id]",
      "name": "run_shell_command",
      "input": {
        "command": "ls -la"
      }
    }
  ],
  "usage": {
    "input_tokens": 78,
    "output_tokens": 57
  },
  "stop_reason": "tool_calls"
}
